
> Configure project :
Fabric Loom: 1.14.10

> Task :checkKotlinGradlePluginConfigurationErrors SKIPPED
> Task :compileKotlin NO-SOURCE

> Task :compileJava FAILED
.\gradlew.bat : E:\鏂囨。e鐗圽AdviceNext\src\main\java\cn\advicenext\utility\client\render\engine\ShaderRenderer.java:48: 閿欒
: 涓嶆槸璇彞
所在位置 行:1 字符: 26
+ cd "E:/文档e版/AdviceNext"; .\gradlew.bat compileJava 2>&1 | Out-File -F ...
+                          ~~~~~~~~~~~~~~~~~~~~~~~~~~~~~~
    + CategoryInfo          : NotSpecified: (E:\鏂囨。e鐗圽Advice...48: 閿欒: 涓嶆槸璇彞:String) [], RemoteException
    + FullyQualifiedErrorId : NativeCommandError
 
                GpuBuffer.USAGE_VERTEX | GpuBuffer.USAGE_COPY_DST,
                                       ^
E:\鏂囨。e鐗圽AdviceNext\src\main\java\cn\advicenext\utility\client\render\engine\ShaderRenderer.java:48: 閿欒: 闇€瑕?;'
                GpuBuffer.USAGE_VERTEX | GpuBuffer.USAGE_COPY_DST,
                                                                 ^
2 涓敊璇?

[Incubating] Problems report is available at: file:///E:/%E6%96%87%E6%A1%A3e%E7%89%88/AdviceNext/build/reports/problems/problems-report.html

FAILURE: Build failed with an exception.

* What went wrong:
Execution failed for task ':compileJava'.
> Compilation failed; see the compiler output below.
  E:\鏂囨。e鐗圽AdviceNext\src\main\java\cn\advicenext\utility\client\render\engine\ShaderRenderer.java:48: 閿欒: 涓嶆槸璇彞
                  GpuBuffer.USAGE_VERTEX | GpuBuffer.USAGE_COPY_DST,
                                         ^
  E:\鏂囨。e鐗圽AdviceNext\src\main\java\cn\advicenext\utility\client\render\engine\ShaderRenderer.java:48: 閿欒: 闇€瑕?;'
                  GpuBuffer.USAGE_VERTEX | GpuBuffer.USAGE_COPY_DST,
                                                                   ^
  2 涓敊璇?

* Try:
> Check your code and dependencies to fix the compilation error(s)
> Run with --scan to generate a Build Scan (powered by Develocity).

Deprecated Gradle features were used in this build, making it incompatible with Gradle 10.

You can use '--warning-mode all' to show the individual deprecation warnings and determine if they come from your own scripts or plugins.

For more on this, please refer to https://docs.gradle.org/9.2.0/userguide/command_line_interface.html#sec:command_line_warnings in the Gradle documentation.

BUILD FAILED in 1s
1 actionable task: 1 executed
